<?xml version="1.0" encoding="utf-8"?><testsuites name="pytest tests"><testsuite name="pytest" errors="0" failures="0" skipped="0" tests="32" time="0.541" timestamp="2026-03-30T16:30:31.556484+02:00" hostname="DESKTOP-14NUU5K"><testcase classname="weather.tests.integration.test_national_indicator_endpoint" name="test_get_national_indicator_month_happy_path" time="0.216" /><testcase classname="weather.tests.integration.test_national_indicator_endpoint" name="test_get_national_indicator_missing_required_parameter_returns_400" time="0.003" /><testcase classname="weather.tests.integration.test_national_indicator_endpoint" name="test_get_national_indicator_invalid_combination_returns_400" time="0.004" /><testcase classname="weather.tests.unit.test_national_indicator_fake" name="test_fake_generator_day_granularity_returns_all_days_inclusive" time="0.002" /><testcase classname="weather.tests.unit.test_national_indicator_fake" name="test_fake_generator_month_granularity_returns_one_point_per_month" time="0.001" /><testcase classname="weather.tests.unit.test_national_indicator_fake" name="test_month_granularity_includes_month_if_interval_intersects" time="0.001" /><testcase classname="weather.tests.unit.test_national_indicator_fake" name="test_day_of_month_clamps_to_last_day_of_month" time="0.003" /><testcase classname="weather.tests.unit.test_national_indicator_fake" name="test_day_of_month_clamps_to_feb_28_on_non_leap_year" time="0.002" /><testcase classname="weather.tests.unit.test_national_indicator_fake" name="test_fake_generator_year_granularity_includes_years_intersecting_interval" time="0.005" /><testcase classname="weather.tests.unit.test_national_indicator_fake" name="test_fake_generator_year_month_of_year_sets_date_to_first_day_of_selected_month" time="0.005" /><testcase classname="weather.tests.unit.test_national_indicator_fake" name="test_fake_generator_year_day_of_month_clamps_within_selected_month" time="0.005" /><testcase classname="weather.tests.unit.test_national_indicator_query_serializer" name="test_date_start_must_be_before_or_equal_date_end[2024-01-01-2024-01-01-True]" time="0.002" /><testcase classname="weather.tests.unit.test_national_indicator_query_serializer" name="test_date_start_must_be_before_or_equal_date_end[2024-01-01-2024-01-02-True]" time="0.002" /><testcase classname="weather.tests.unit.test_national_indicator_query_serializer" name="test_date_start_must_be_before_or_equal_date_end[2024-01-02-2024-01-01-False]" time="0.001" /><testcase classname="weather.tests.unit.test_national_indicator_query_serializer" name="test_granularity_must_be_valid_choice" time="0.002" /><testcase classname="weather.tests.unit.test_national_indicator_query_serializer" name="test_granularity_day_rejects_non_full_slice_type" time="0.002" /><testcase classname="weather.tests.unit.test_national_indicator_query_serializer" name="test_granularity_day_defaults_slice_type_to_full" time="0.001" /><testcase classname="weather.tests.unit.test_national_indicator_query_serializer" name="test_granularity_day_forbids_month_of_year" time="0.002" /><testcase classname="weather.tests.unit.test_national_indicator_query_serializer" name="test_granularity_day_forbids_day_of_month" time="0.002" /><testcase classname="weather.tests.unit.test_national_indicator_query_serializer" name="test_slice_type_full_forbids_month_of_year" time="0.002" /><testcase classname="weather.tests.unit.test_national_indicator_query_serializer" name="test_slice_type_full_forbids_day_of_month" time="0.002" /><testcase classname="weather.tests.unit.test_national_indicator_query_serializer" name="test_slice_type_month_of_year_requires_granularity_year[month]" time="0.002" /><testcase classname="weather.tests.unit.test_national_indicator_query_serializer" name="test_slice_type_month_of_year_requires_granularity_year[day]" time="0.001" /><testcase classname="weather.tests.unit.test_national_indicator_query_serializer" name="test_slice_type_month_of_year_requires_month_of_year" time="0.001" /><testcase classname="weather.tests.unit.test_national_indicator_query_serializer" name="test_slice_type_month_of_year_forbids_day_of_month" time="0.002" /><testcase classname="weather.tests.unit.test_national_indicator_query_serializer" name="test_slice_type_day_of_month_requires_day_of_month" time="0.002" /><testcase classname="weather.tests.unit.test_national_indicator_query_serializer" name="test_day_of_month_with_granularity_year_requires_month_of_year" time="0.002" /><testcase classname="weather.tests.unit.test_national_indicator_query_serializer" name="test_day_of_month_with_granularity_month_forbids_month_of_year" time="0.001" /><testcase classname="weather.tests.unit.test_national_indicator_query_serializer" name="test_valid_month_full_defaults" time="0.001" /><testcase classname="weather.tests.unit.test_national_indicator_query_serializer" name="test_valid_month_day_of_month" time="0.002" /><testcase classname="weather.tests.unit.test_national_indicator_query_serializer" name="test_valid_year_month_of_year" time="0.001" /><testcase classname="weather.tests.unit.test_national_indicator_query_serializer" name="test_valid_year_specific_day_of_year" time="0.002" /></testsuite></testsuites>
